[2026-10-01T17:51:24Z] START 360 trials feature=switch_rate replicates=10 temp=0.7 budget=$5.00
[2026-10-01T17:51:25Z] [scored] start: 0 prior outcomes spent=$0.0000 cap=$5.00 temp=0.7
[2026-10-01T17:51:25Z] [scored] pending=360
[2026-10-01T18:00:02Z] [scored] 30/360 done (spent=$0.2923 last=astra|NAMED|astra|history_conditioned|09 status=ok p=0.75)
[2026-10-01T18:01:35Z] [scored] 60/360 done (spent=$0.4663 last=astra|SELF|astra|independent_calls|09 status=ok p=0.0)
[2026-10-01T18:03:13Z] [scored] 90/360 done (spent=$0.7025 last=astra|NAMED|fable|independent_calls|09 status=ok p=0.0)
[2026-10-01T18:04:44Z] [scored] 120/360 done (spent=$0.9322 last=astra|NAMED|mimo|independent_calls|09 status=ok p=0.0)
[2026-10-01T18:06:47Z] [scored] 141/360 done (spent=$1.1402 last=fable|NAMED|astra|independent_calls|00 status=abandoned p=None)
[2026-10-01T18:07:04Z] [scored] 142/360 done (spent=$1.1601 last=fable|NAMED|astra|independent_calls|01 status=abandoned p=None)
[2026-10-01T18:07:21Z] [scored] 143/360 done (spent=$1.1796 last=fable|NAMED|astra|independent_calls|02 status=abandoned p=None)
[2026-10-01T18:07:36Z] [scored] 144/360 done (spent=$1.1993 last=fable|NAMED|astra|independent_calls|03 status=abandoned p=None)
[2026-10-01T18:07:54Z] [scored] 145/360 done (spent=$1.2193 last=fable|NAMED|astra|independent_calls|04 status=abandoned p=None)
[2026-10-01T18:08:07Z] [scored] 146/360 done (spent=$1.2398 last=fable|NAMED|astra|independent_calls|05 status=abandoned p=None)
[2026-10-01T18:08:34Z] [scored] 147/360 done (spent=$1.2591 last=fable|NAMED|astra|independent_calls|06 status=abandoned p=None)
[2026-10-01T18:08:47Z] [scored] 148/360 done (spent=$1.2782 last=fable|NAMED|astra|independent_calls|07 status=abandoned p=None)
[2026-10-01T18:09:03Z] [scored] 149/360 done (spent=$1.2974 last=fable|NAMED|astra|independent_calls|08 status=abandoned p=None)
[2026-10-01T18:09:19Z] [scored] 150/360 done (spent=$1.3170 last=fable|NAMED|astra|independent_calls|09 status=abandoned p=None)
[2026-10-01T18:12:24Z] [scored] 180/360 done (spent=$1.7119 last=fable|NAMED|fable|history_conditioned|09 status=ok p=0.65)
[2026-10-01T18:14:04Z] [scored] 191/360 done (spent=$2.0046 last=fable|NAMED|fable|independent_calls|00 status=abandoned p=None)
[2026-10-01T18:14:34Z] [scored] 194/360 done (spent=$2.0332 last=fable|NAMED|fable|independent_calls|03 status=abandoned p=None)
[2026-10-01T18:15:18Z] [scored] 199/360 done (spent=$2.0898 last=fable|NAMED|fable|independent_calls|08 status=abandoned p=None)
[2026-10-01T18:16:02Z] [scored] 201/360 done (spent=$2.1264 last=fable|SELF|fable|independent_calls|00 status=abandoned p=None)
[2026-10-01T18:16:46Z] [scored] 204/360 done (spent=$2.1674 last=fable|SELF|fable|independent_calls|03 status=abandoned p=None)
[2026-10-01T18:17:06Z] [scored] 205/360 done (spent=$2.1872 last=fable|SELF|fable|independent_calls|04 status=abandoned p=None)
[2026-10-01T18:17:24Z] [scored] 206/360 done (spent=$2.2068 last=fable|SELF|fable|independent_calls|05 status=abandoned p=None)
[2026-10-01T18:17:36Z] [scored] 207/360 done (spent=$2.2265 last=fable|SELF|fable|independent_calls|06 status=abandoned p=None)
[2026-10-01T18:17:49Z] [scored] 208/360 done (spent=$2.2462 last=fable|SELF|fable|independent_calls|07 status=abandoned p=None)
[2026-10-01T18:18:02Z] [scored] 209/360 done (spent=$2.2661 last=fable|SELF|fable|independent_calls|08 status=abandoned p=None)
[2026-10-01T18:18:22Z] [scored] 210/360 done (spent=$2.2862 last=fable|SELF|fable|independent_calls|09 status=abandoned p=None)
[2026-10-01T18:20:36Z] [scored] 227/360 done (spent=$2.5178 last=fable|NAMED|mimo|history_conditioned|06 status=abandoned p=None)
[2026-10-01T18:21:29Z] [scored] 231/360 done (spent=$2.6277 last=fable|NAMED|mimo|independent_calls|00 status=abandoned p=None)
[2026-10-01T18:21:43Z] [scored] 232/360 done (spent=$2.6480 last=fable|NAMED|mimo|independent_calls|01 status=abandoned p=None)
[2026-10-01T18:21:56Z] [scored] 233/360 done (spent=$2.6690 last=fable|NAMED|mimo|independent_calls|02 status=abandoned p=None)
[2026-10-01T18:22:10Z] [scored] 234/360 done (spent=$2.6899 last=fable|NAMED|mimo|independent_calls|03 status=abandoned p=None)
[2026-10-01T18:22:41Z] [scored] 235/360 done (spent=$2.7096 last=fable|NAMED|mimo|independent_calls|04 status=abandoned p=None)
[2026-10-01T18:22:59Z] [scored] 236/360 done (spent=$2.7295 last=fable|NAMED|mimo|independent_calls|05 status=abandoned p=None)
[2026-10-01T18:23:16Z] [scored] 237/360 done (spent=$2.7497 last=fable|NAMED|mimo|independent_calls|06 status=abandoned p=None)
[2026-10-01T18:23:36Z] [scored] 238/360 done (spent=$2.7697 last=fable|NAMED|mimo|independent_calls|07 status=abandoned p=None)
[2026-10-01T18:23:41Z] [scored] 240/360 done (spent=$2.7770 last=mimo|NAMED|astra|batch|01 status=ok p=0.49)
[2026-10-01T18:23:50Z] [scored] 244/360 done (spent=$2.7905 last=fable|NAMED|mimo|independent_calls|08 status=abandoned p=None)
[2026-10-01T18:24:26Z] [scored] 270/360 done (spent=$2.7977 last=mimo|NAMED|astra|independent_calls|09 status=ok p=0.0)
[2026-10-01T18:25:36Z] [scored] 300/360 done (spent=$2.8014 last=mimo|NAMED|fable|independent_calls|09 status=ok p=0.02)
[2026-10-01T18:26:43Z] [scored] 330/360 done (spent=$2.8049 last=mimo|NAMED|mimo|history_conditioned|09 status=ok p=0.5)
[2026-10-01T18:27:58Z] [scored] 360/360 done (spent=$2.8088 last=mimo|SELF|mimo|independent_calls|09 status=ok p=0.5)
[2026-10-01T18:27:58Z] [scored] FINAL: {'n_outcomes': 360, 'n_ok': 329, 'n_abandoned': 31, 'spent_usd': 2.8088395349999984}
[2026-10-01T18:27:58Z] DONE {'n_outcomes': 360, 'n_ok': 329, 'n_abandoned': 31, 'spent_usd': 2.8088395349999984}
