[2026-09-30T01:20:44Z] START run_id=spar-stimulus-corpus-20260930T012044Z
[2026-09-30T01:20:44Z]   bootstrap spend from disk = $0.0000
[2026-09-30T01:20:45Z] PHASE: batch trajectories (60 planned)
[2026-09-30T01:26:27Z]   finished mimo_batch_17: status=ok n_calls=1 cost=$0.0182 spent=$0.0182
[2026-09-30T01:28:15Z]   finished mimo_batch_07: status=ok n_calls=1 cost=$0.0059 spent=$0.0241
[2026-09-30T01:28:23Z]   finished astra_batch_06: status=ok n_calls=1 cost=$0.0098 spent=$0.0339
[2026-09-30T01:40:13Z]   finished mimo_batch_16: status=ok n_calls=1 cost=$0.0260 spent=$0.0598
[2026-09-30T01:40:18Z]   finished fable_batch_03: status=ok n_calls=1 cost=$0.0058 spent=$0.0656
[2026-09-30T01:40:23Z]   finished astra_batch_00: status=ok n_calls=1 cost=$0.0093 spent=$0.0749
[2026-09-30T01:40:29Z]   finished astra_batch_10: status=ok n_calls=1 cost=$0.0094 spent=$0.0844
[2026-09-30T01:40:34Z]   finished fable_batch_13: status=ok n_calls=1 cost=$0.0058 spent=$0.0902
[2026-09-30T01:45:35Z]   finished mimo_batch_18: status=ok n_calls=1 cost=$0.0147 spent=$0.1049
[2026-09-30T01:49:01Z]   finished mimo_batch_14: status=ok n_calls=1 cost=$0.0112 spent=$0.1160
[2026-09-30T02:02:29Z]   finished mimo_batch_10: status=ok n_calls=1 cost=$0.0403 spent=$0.1563
[2026-09-30T02:02:33Z]   finished fable_batch_09: status=ok n_calls=1 cost=$0.0058 spent=$0.1621
[2026-09-30T02:02:45Z]   finished fable_batch_11: status=ok n_calls=1 cost=$0.0115 spent=$0.1736
[2026-09-30T02:02:54Z]   finished astra_batch_03: status=ok n_calls=1 cost=$0.0116 spent=$0.1852
[2026-09-30T02:03:05Z]   finished fable_batch_04: status=ok n_calls=1 cost=$0.0115 spent=$0.1967
[2026-09-30T02:06:31Z]   finished mimo_batch_11: status=ok n_calls=1 cost=$0.0067 spent=$0.2034
[2026-09-30T02:06:36Z]   finished astra_batch_04: status=ok n_calls=1 cost=$0.0091 spent=$0.2125
[2026-09-30T02:08:23Z]   finished mimo_batch_05: status=ok n_calls=1 cost=$0.0051 spent=$0.2176
[2026-09-30T02:08:28Z]   finished astra_batch_08: status=ok n_calls=1 cost=$0.0081 spent=$0.2257
[2026-09-30T02:08:33Z]   finished fable_batch_16: status=ok n_calls=1 cost=$0.0058 spent=$0.2315
[2026-09-30T02:08:40Z]   finished fable_batch_01: status=ok n_calls=1 cost=$0.0058 spent=$0.2373
[2026-09-30T02:08:45Z]   finished fable_batch_07: status=ok n_calls=1 cost=$0.0058 spent=$0.2431
[2026-09-30T02:17:18Z]   finished mimo_batch_01: status=ok n_calls=1 cost=$0.0190 spent=$0.2621
[2026-09-30T02:17:24Z]   finished astra_batch_13: status=ok n_calls=1 cost=$0.0087 spent=$0.2708
[2026-09-30T02:28:02Z]   finished mimo_batch_00: status=ok n_calls=1 cost=$0.0132 spent=$0.2840
[2026-09-30T02:28:12Z]   finished fable_batch_10: status=ok n_calls=1 cost=$0.0115 spent=$0.2956
[2026-09-30T02:28:17Z]   finished astra_batch_18: status=ok n_calls=1 cost=$0.0087 spent=$0.3043
[2026-09-30T02:28:22Z]   finished astra_batch_12: status=ok n_calls=1 cost=$0.0082 spent=$0.3125
[2026-09-30T02:28:34Z]   finished fable_batch_18: status=ok n_calls=1 cost=$0.0115 spent=$0.3241
[2026-09-30T02:28:39Z]   finished astra_batch_19: status=ok n_calls=1 cost=$0.0079 spent=$0.3320
[2026-09-30T02:30:58Z]   finished mimo_batch_15: status=ok n_calls=1 cost=$0.0056 spent=$0.3376
[2026-09-30T02:31:03Z]   finished fable_batch_17: status=ok n_calls=1 cost=$0.0058 spent=$0.3434
[2026-09-30T02:31:18Z]   finished fable_batch_08: status=ok n_calls=1 cost=$0.0172 spent=$0.3606
[2026-09-30T02:31:23Z]   finished fable_batch_06: status=ok n_calls=1 cost=$0.0058 spent=$0.3663
[2026-09-30T02:31:28Z]   finished astra_batch_16: status=ok n_calls=1 cost=$0.0082 spent=$0.3746
[2026-09-30T02:31:34Z]   finished astra_batch_07: status=ok n_calls=1 cost=$0.0091 spent=$0.3837
[2026-09-30T02:31:40Z]   finished astra_batch_09: status=ok n_calls=1 cost=$0.0090 spent=$0.3927
[2026-09-30T02:31:46Z]   finished astra_batch_15: status=ok n_calls=1 cost=$0.0099 spent=$0.4026
[2026-09-30T02:33:45Z]   finished mimo_batch_13: status=ok n_calls=1 cost=$0.0076 spent=$0.4102
[2026-09-30T02:34:09Z]   finished fable_batch_12: status=ok n_calls=1 cost=$0.0231 spent=$0.4332
[2026-09-30T02:34:15Z]   finished astra_batch_01: status=ok n_calls=1 cost=$0.0087 spent=$0.4419
[2026-09-30T02:36:41Z]   finished mimo_batch_02: status=ok n_calls=1 cost=$0.0038 spent=$0.4457
[2026-09-30T02:36:46Z]   finished fable_batch_02: status=ok n_calls=1 cost=$0.0058 spent=$0.4515
[2026-09-30T02:36:53Z]   finished astra_batch_05: status=ok n_calls=1 cost=$0.0081 spent=$0.4597
[2026-09-30T02:36:59Z]   finished astra_batch_11: status=ok n_calls=1 cost=$0.0089 spent=$0.4686
[2026-09-30T02:37:10Z]   finished fable_batch_15: status=ok n_calls=1 cost=$0.0117 spent=$0.4803
[2026-09-30T02:43:45Z]   finished mimo_batch_19: status=ok n_calls=1 cost=$0.0233 spent=$0.5036
[2026-09-30T02:43:58Z]   finished mimo_batch_06: status=ok n_calls=1 cost=$0.0009 spent=$0.5045
[2026-09-30T02:44:08Z]   finished fable_batch_05: status=ok n_calls=1 cost=$0.0116 spent=$0.5161
[2026-09-30T02:46:10Z]   finished mimo_batch_04: status=ok n_calls=1 cost=$0.0069 spent=$0.5230
[2026-09-30T02:46:15Z]   finished astra_batch_14: status=ok n_calls=1 cost=$0.0087 spent=$0.5316
[2026-09-30T02:47:43Z]   finished mimo_batch_08: status=ok n_calls=1 cost=$0.0050 spent=$0.5366
[2026-09-30T02:47:48Z]   finished fable_batch_19: status=ok n_calls=1 cost=$0.0058 spent=$0.5424
[2026-09-30T02:47:54Z]   finished astra_batch_02: status=ok n_calls=1 cost=$0.0084 spent=$0.5508
[2026-09-30T02:55:13Z]   finished mimo_batch_09: status=ok n_calls=1 cost=$0.0195 spent=$0.5703
[2026-09-30T02:55:19Z]   finished astra_batch_17: status=ok n_calls=1 cost=$0.0107 spent=$0.5810
[2026-09-30T02:56:10Z]   finished mimo_batch_03: status=ok n_calls=1 cost=$0.0030 spent=$0.5840
[2026-09-30T02:56:17Z]   finished fable_batch_00: status=ok n_calls=1 cost=$0.0058 spent=$0.5898
[2026-09-30T02:56:22Z]   finished fable_batch_14: status=ok n_calls=1 cost=$0.0058 spent=$0.5956
[2026-09-30T02:58:43Z]   finished mimo_batch_12: status=ok n_calls=1 cost=$0.0085 spent=$0.6041
[2026-09-30T02:58:43Z] PHASE: step-based trajectories (120 planned) concurrency=3
[2026-09-30T03:05:00Z]   finished fable_history_conditioned_19: status=ok n_calls=100 cost=$0.1154 spent=$0.7268
[2026-09-30T03:05:21Z]   finished mimo_independent_calls_18: status=ok n_calls=101 cost=$0.0020 spent=$0.7303
[2026-09-30T03:10:21Z]   finished mimo_history_conditioned_12: status=ok n_calls=108 cost=$0.0113 spent=$0.7748
[2026-09-30T03:11:31Z]   finished fable_independent_calls_04: status=ok n_calls=100 cost=$0.0500 spent=$0.8093
[2026-09-30T03:11:33Z]   finished mimo_independent_calls_19: status=ok n_calls=101 cost=$0.0021 spent=$0.8094
[2026-09-30T03:13:25Z]   finished astra_independent_calls_10: status=ok n_calls=100 cost=$0.0669 spent=$0.9084
[2026-09-30T03:15:23Z]   finished astra_independent_calls_06: status=ok n_calls=100 cost=$0.0689 spent=$1.0234
[2026-09-30T03:16:53Z]   finished astra_independent_calls_19: status=ok n_calls=100 cost=$0.0704 spent=$1.0881
[2026-09-30T03:17:42Z]   finished fable_history_conditioned_06: status=ok n_calls=100 cost=$0.1154 spent=$1.1083
[2026-09-30T03:20:57Z]   finished astra_history_conditioned_04: status=ok n_calls=100 cost=$0.0873 spent=$1.2001
[2026-09-30T03:26:18Z]   finished mimo_independent_calls_11: status=ok n_calls=100 cost=$0.0027 spent=$1.2092
[2026-09-30T03:28:10Z]   finished mimo_history_conditioned_15: status=ok n_calls=117 cost=$0.0134 spent=$1.2475
[2026-09-30T03:29:07Z]   finished mimo_independent_calls_07: status=ok n_calls=100 cost=$0.0024 spent=$1.2765
[2026-09-30T03:30:00Z]   finished astra_independent_calls_18: status=ok n_calls=100 cost=$0.0699 spent=$1.3038
[2026-09-30T03:33:10Z]   finished astra_independent_calls_01: status=ok n_calls=100 cost=$0.0704 spent=$1.4349
[2026-09-30T03:34:57Z]   finished fable_history_conditioned_04: status=ok n_calls=100 cost=$0.1154 spent=$1.4864
[2026-09-30T03:39:54Z]   finished fable_independent_calls_07: status=ok n_calls=100 cost=$0.0500 spent=$1.5635
[2026-09-30T03:41:33Z]   finished mimo_history_conditioned_06: status=ok n_calls=117 cost=$0.0139 spent=$1.6210
[2026-09-30T03:42:12Z]   finished fable_independent_calls_15: status=ok n_calls=100 cost=$0.0500 spent=$1.6471
[2026-09-30T03:42:47Z]   finished astra_history_conditioned_08: status=ok n_calls=100 cost=$0.0884 spent=$1.6833
[2026-09-30T03:45:12Z]   finished astra_independent_calls_04: status=ok n_calls=100 cost=$0.0713 spent=$1.7467
[2026-09-30T03:48:24Z]   finished astra_independent_calls_02: status=ok n_calls=100 cost=$0.0687 spent=$1.8194
[2026-09-30T03:49:42Z]   finished mimo_independent_calls_12: status=ok n_calls=101 cost=$0.0023 spent=$1.8504
[2026-09-30T03:51:30Z]   finished astra_history_conditioned_16: status=ok n_calls=100 cost=$0.0886 spent=$1.9589
[2026-09-30T03:52:34Z]   finished astra_history_conditioned_19: status=ok n_calls=100 cost=$0.0880 spent=$2.0092
[2026-09-30T03:53:00Z]   finished mimo_history_conditioned_07: status=ok n_calls=115 cost=$0.0135 spent=$2.0194
[2026-09-30T03:55:56Z]   finished astra_history_conditioned_02: status=ok n_calls=100 cost=$0.0899 spent=$2.1731
[2026-09-30T03:58:15Z]   finished fable_independent_calls_02: status=ok n_calls=100 cost=$0.0500 spent=$2.3004
[2026-09-30T03:58:32Z]   finished fable_history_conditioned_02: status=ok n_calls=100 cost=$0.1154 spent=$2.3225
[2026-09-30T03:59:00Z]   finished astra_independent_calls_00: status=ok n_calls=100 cost=$0.0687 spent=$2.3504
[2026-09-30T04:01:25Z]   finished astra_history_conditioned_07: status=ok n_calls=100 cost=$0.0895 spent=$2.5461
[2026-09-30T04:01:27Z]   finished astra_independent_calls_05: status=ok n_calls=100 cost=$0.0641 spent=$2.5482
[2026-09-30T04:02:00Z]   finished astra_history_conditioned_15: status=ok n_calls=100 cost=$0.0897 spent=$2.5813
[2026-09-30T04:04:49Z]   finished astra_independent_calls_17: status=ok n_calls=100 cost=$0.0700 spent=$2.6887
[2026-09-30T04:05:01Z]   finished mimo_history_conditioned_17: status=failed n_calls=42 cost=$0.0042 spent=$2.6956
[2026-09-30T04:08:14Z]   finished fable_history_conditioned_12: status=ok n_calls=100 cost=$0.1154 spent=$2.8163
[2026-09-30T04:10:41Z]   finished fable_history_conditioned_03: status=ok n_calls=100 cost=$0.1154 spent=$2.9334
[2026-09-30T04:11:18Z]   finished astra_independent_calls_09: status=ok n_calls=100 cost=$0.0727 spent=$2.9630
[2026-09-30T04:11:19Z]   finished mimo_independent_calls_15: status=ok n_calls=100 cost=$0.0026 spent=$2.9630
[2026-09-30T04:13:35Z]   finished astra_history_conditioned_06: status=ok n_calls=100 cost=$0.0883 spent=$3.1006
[2026-09-30T04:14:18Z]   finished astra_history_conditioned_11: status=ok n_calls=100 cost=$0.0876 spent=$3.1388
[2026-09-30T04:19:16Z]   finished fable_history_conditioned_07: status=ok n_calls=100 cost=$0.1154 spent=$3.3411
[2026-09-30T04:20:19Z]   finished fable_history_conditioned_18: status=ok n_calls=100 cost=$0.1154 spent=$3.3740
[2026-09-30T04:23:20Z]   finished astra_independent_calls_13: status=ok n_calls=100 cost=$0.0676 spent=$3.4650
[2026-09-30T04:25:56Z]   finished fable_independent_calls_03: status=ok n_calls=100 cost=$0.0500 spent=$3.4877
[2026-09-30T04:27:20Z]   finished mimo_history_conditioned_10: status=ok n_calls=113 cost=$0.0133 spent=$3.5017
[2026-09-30T04:27:59Z]   finished mimo_history_conditioned_04: status=failed n_calls=29 cost=$0.0028 spent=$3.5234
[2026-09-30T04:30:11Z]   finished astra_history_conditioned_10: status=ok n_calls=100 cost=$0.0877 spent=$3.6798
[2026-09-30T04:30:41Z]   finished astra_history_conditioned_14: status=ok n_calls=100 cost=$0.0888 spent=$3.7055
[2026-09-30T04:32:01Z]   finished fable_independent_calls_09: status=ok n_calls=100 cost=$0.0500 spent=$3.7274
[2026-09-30T04:37:17Z]   finished fable_independent_calls_05: status=ok n_calls=100 cost=$0.0500 spent=$3.7710
[2026-09-30T04:37:27Z]   finished mimo_independent_calls_17: status=ok n_calls=102 cost=$0.0023 spent=$3.7737
[2026-09-30T04:39:16Z]   finished mimo_independent_calls_16: status=ok n_calls=101 cost=$0.0026 spent=$3.8269
[2026-09-30T04:43:17Z]   finished fable_history_conditioned_09: status=ok n_calls=100 cost=$0.1154 spent=$4.0321
[2026-09-30T04:43:17Z]   finished fable_history_conditioned_11: status=ok n_calls=100 cost=$0.1154 spent=$4.0337
[2026-09-30T04:45:40Z]   finished fable_independent_calls_00: status=ok n_calls=100 cost=$0.0500 spent=$4.1083
[2026-09-30T04:46:14Z]   finished astra_independent_calls_14: status=ok n_calls=100 cost=$0.0664 spent=$4.1232
[2026-09-30T04:51:34Z]   finished fable_history_conditioned_16: status=ok n_calls=100 cost=$0.1154 spent=$4.2528
[2026-09-30T04:53:43Z]   finished mimo_history_conditioned_01: status=ok n_calls=115 cost=$0.0135 spent=$4.3059
[2026-09-30T04:54:39Z]   finished astra_independent_calls_12: status=ok n_calls=100 cost=$0.0730 spent=$4.3314
[2026-09-30T04:57:31Z]   finished astra_history_conditioned_18: status=ok n_calls=100 cost=$0.0898 spent=$4.4248
[2026-09-30T04:57:50Z]   finished mimo_history_conditioned_05: status=ok n_calls=118 cost=$0.0130 spent=$4.4255
[2026-09-30T04:59:04Z]   finished mimo_independent_calls_09: status=ok n_calls=102 cost=$0.0022 spent=$4.4389
[2026-09-30T05:03:49Z]   finished fable_independent_calls_19: status=ok n_calls=100 cost=$0.0500 spent=$4.5714
[2026-09-30T05:04:45Z]   finished fable_history_conditioned_01: status=ok n_calls=100 cost=$0.1154 spent=$4.6227
[2026-09-30T05:06:39Z]   finished astra_history_conditioned_09: status=ok n_calls=100 cost=$0.0894 spent=$4.7304
[2026-09-30T05:07:55Z]   finished astra_independent_calls_03: status=ok n_calls=100 cost=$0.0662 spent=$4.7581
[2026-09-30T05:10:40Z]   finished astra_history_conditioned_01: status=ok n_calls=100 cost=$0.0876 spent=$4.8491
[2026-09-30T05:11:16Z]   finished mimo_history_conditioned_00: status=ok n_calls=116 cost=$0.0132 spent=$4.8550
[2026-09-30T05:11:29Z]   finished mimo_independent_calls_02: status=ok n_calls=102 cost=$0.0023 spent=$4.8586
[2026-09-30T05:14:06Z]   finished astra_independent_calls_16: status=ok n_calls=100 cost=$0.0705 spent=$4.9225
[2026-09-30T05:16:51Z]   finished mimo_independent_calls_00: status=ok n_calls=101 cost=$0.0020 spent=$4.9259
[2026-09-30T05:17:06Z]   finished mimo_independent_calls_05: status=ok n_calls=101 cost=$0.0022 spent=$4.9294
[2026-09-30T05:19:50Z]   finished mimo_independent_calls_01: status=ok n_calls=101 cost=$0.0022 spent=$4.9756
[2026-09-30T05:22:22Z]   finished mimo_independent_calls_08: status=ok n_calls=100 cost=$0.0020 spent=$5.1203
[2026-09-30T05:22:26Z]   finished fable_history_conditioned_10: status=ok n_calls=100 cost=$0.1154 spent=$5.1264
[2026-09-30T05:22:35Z]   finished astra_history_conditioned_00: status=ok n_calls=100 cost=$0.0883 spent=$5.1401
[2026-09-30T05:25:22Z]   finished astra_history_conditioned_05: status=ok n_calls=100 cost=$0.0871 spent=$5.3379
[2026-09-30T05:25:26Z]   finished astra_history_conditioned_03: status=ok n_calls=100 cost=$0.0884 spent=$5.3425
[2026-09-30T05:26:11Z]   finished mimo_history_conditioned_08: status=failed n_calls=10 cost=$0.0004 spent=$5.3592
[2026-09-30T05:28:35Z]   finished fable_history_conditioned_08: status=ok n_calls=100 cost=$0.1154 spent=$5.4452
[2026-09-30T05:32:59Z]   finished fable_independent_calls_01: status=ok n_calls=100 cost=$0.0500 spent=$5.5701
[2026-09-30T05:33:56Z]   finished fable_history_conditioned_14: status=ok n_calls=100 cost=$0.1154 spent=$5.6208
[2026-09-30T05:35:54Z]   finished astra_independent_calls_15: status=ok n_calls=100 cost=$0.0661 spent=$5.6986
[2026-09-30T05:36:25Z]   finished mimo_history_conditioned_03: status=ok n_calls=112 cost=$0.0118 spent=$5.7117
[2026-09-30T05:39:44Z]   finished fable_history_conditioned_05: status=ok n_calls=100 cost=$0.1154 spent=$5.8089
[2026-09-30T05:42:04Z]   finished mimo_independent_calls_03: status=ok n_calls=100 cost=$0.0027 spent=$5.8304
[2026-09-30T05:42:55Z]   finished fable_independent_calls_06: status=ok n_calls=100 cost=$0.0500 spent=$5.8582
[2026-09-30T05:45:12Z]   finished astra_independent_calls_08: status=ok n_calls=100 cost=$0.0681 spent=$5.9279
[2026-09-30T06:28:03Z]   finished fable_independent_calls_12: status=ok n_calls=100 cost=$0.0500 spent=$5.9998
[2026-09-30T08:58:25Z]   finished fable_independent_calls_10: status=ok n_calls=100 cost=$0.0500 spent=$6.0628
[2026-09-30T08:58:56Z]   finished mimo_history_conditioned_02: status=ok n_calls=124 cost=$0.0142 spent=$6.0786
[2026-09-30T08:59:38Z]   finished astra_independent_calls_11: status=ok n_calls=100 cost=$0.0723 spent=$6.1064
[2026-09-30T09:04:25Z]   finished mimo_history_conditioned_19: status=failed n_calls=43 cost=$0.0044 spent=$6.2254
[2026-09-30T09:05:38Z]   finished fable_history_conditioned_15: status=ok n_calls=100 cost=$0.1154 spent=$6.2555
[2026-09-30T09:06:19Z]   finished fable_independent_calls_16: status=ok n_calls=100 cost=$0.0500 spent=$6.2624
[2026-09-30T09:15:32Z]   finished mimo_independent_calls_06: status=ok n_calls=100 cost=$0.0020 spent=$6.2807
[2026-09-30T09:16:27Z]   finished mimo_history_conditioned_16: status=failed n_calls=98 cost=$0.0104 spent=$6.2839
[2026-09-30T09:17:09Z]   finished mimo_history_conditioned_18: status=ok n_calls=118 cost=$0.0122 spent=$6.2932
[2026-09-30T09:19:32Z]   finished mimo_independent_calls_14: status=ok n_calls=101 cost=$0.0021 spent=$6.3295
[2026-09-30T09:22:38Z]   finished astra_history_conditioned_12: status=ok n_calls=100 cost=$0.0884 spent=$6.4707
[2026-09-30T09:24:13Z]   finished fable_history_conditioned_00: status=ok n_calls=100 cost=$0.1154 spent=$6.5009
[2026-09-30T09:26:19Z]   finished mimo_history_conditioned_14: status=failed n_calls=98 cost=$0.0123 spent=$6.5503
[2026-09-30T09:27:01Z]   finished mimo_independent_calls_13: status=ok n_calls=101 cost=$0.0026 spent=$6.5845
[2026-09-30T09:27:23Z]   finished astra_independent_calls_07: status=ok n_calls=100 cost=$0.0714 spent=$6.6050
[2026-09-30T09:29:18Z]   finished astra_history_conditioned_13: status=ok n_calls=100 cost=$0.0874 spent=$6.6799
[2026-09-30T09:31:33Z]   finished mimo_independent_calls_04: status=ok n_calls=100 cost=$0.0023 spent=$6.7096
[2026-09-30T09:34:14Z]   finished fable_independent_calls_14: status=ok n_calls=100 cost=$0.0500 spent=$6.7681
[2026-09-30T09:36:39Z]   finished fable_independent_calls_13: status=ok n_calls=100 cost=$0.0500 spent=$6.8211
[2026-09-30T09:38:33Z]   finished fable_independent_calls_17: status=ok n_calls=100 cost=$0.0500 spent=$6.8486
[2026-09-30T09:41:27Z]   finished fable_independent_calls_08: status=ok n_calls=100 cost=$0.0500 spent=$6.8760
[2026-09-30T09:45:51Z]   finished mimo_history_conditioned_11: status=ok n_calls=114 cost=$0.0130 spent=$6.9683
[2026-09-30T09:46:03Z]   finished mimo_history_conditioned_09: status=failed n_calls=84 cost=$0.0091 spent=$6.9747
[2026-09-30T09:47:02Z]   finished fable_history_conditioned_13: status=ok n_calls=100 cost=$0.1154 spent=$7.0137
[2026-09-30T09:49:53Z]   finished astra_history_conditioned_17: status=ok n_calls=100 cost=$0.0889 spent=$7.1326
[2026-09-30T09:51:34Z]   finished fable_independent_calls_11: status=ok n_calls=100 cost=$0.0500 spent=$7.1656
[2026-09-30T09:55:22Z]   finished mimo_history_conditioned_13: status=ok n_calls=117 cost=$0.0134 spent=$7.2027
[2026-09-30T09:55:58Z]   finished mimo_independent_calls_10: status=ok n_calls=101 cost=$0.0033 spent=$7.2145
[2026-09-30T09:56:11Z]   finished fable_independent_calls_18: status=ok n_calls=100 cost=$0.0500 spent=$7.2175
[2026-09-30T10:02:05Z]   finished fable_history_conditioned_17: status=ok n_calls=102 cost=$0.1198 spent=$7.3296
[2026-09-30T10:02:05Z]   cell short: mimo/history_conditioned = 13
[2026-09-30T10:02:05Z]   validation: {'n_planned': 180, 'n_records': 180, 'n_valid_cell_counted': 173, 'cell_counts': {'astra/batch': 20, 'astra/history_conditioned': 20, 'astra/independent_calls': 20, 'fable/batch': 20, 'fable/history_conditioned': 20, 'fable/independent_calls': 20, 'mimo/batch': 20, 'mimo/history_conditioned': 13, 'mimo/independent_calls': 20}, 'cell_counts_ok': False, 'invalid_trajectories': [('mimo_history_conditioned_17', 'status=failed len=0'), ('mimo_history_conditioned_04', 'status=failed len=0'), ('mimo_history_conditioned_08', 'status=failed len=0'), ('mimo_history_conditioned_19', 'status=failed len=0'), ('mimo_history_conditioned_16', 'status=failed len=0'), ('mimo_history_conditioned_14', 'status=failed len=0'), ('mimo_history_conditioned_09', 'status=failed len=0')], 'history_integrity_ok': True, 'history_integrity_failures': [], 'run_complete_ok': False}
[2026-09-30T10:02:05Z] FATAL KeyError: 'prop_T'
Traceback (most recent call last):
  File "/Users/christophermartin/Py_Projects/PACA_implicit/spar_dynamic/orchestrator_stimulus_corpus.py", line 635, in main
    phase_analysis_and_report(paths, log, accountant, val, preflight_result)
  File "/Users/christophermartin/Py_Projects/PACA_implicit/spar_dynamic/orchestrator_stimulus_corpus.py", line 357, in phase_analysis_and_report
    "p_H": f["prop_H"], "p_T": f["prop_T"],
                               ~^^^^^^^^^^
KeyError: 'prop_T'

